// Jest Snapshot v1, https://goo.gl/fbAQLP

exports[`ConsentManagementApiStack creates the expected CloudFormation template from CDK 1`] = `
{
  "Outputs": {},
  "Parameters": {
    "BootstrapVersion": {
      "Default": "/cdk-bootstrap/hnb659fds/version",
      "Description": "Version of the CDK Bootstrap resources in this environment, automatically retrieved from SSM Parameter Store. [cdk:skip]",
      "Type": "AWS::SSM::Parameter::Value<String>",
    },
  },
  "Resources": {
    "ConsentManagementAPIGateway2FBFF2A2": {
      "Properties": {
        "Body": {
          "components": {
            "schemas": {
              "BadRequestExceptionResponseContent": {
                "description": "This exception is thrown when the request is invalid.",
                "properties": {
                  "message": {
                    "type": "string",
                  },
                },
                "type": "object",
              },
              "ConflictingResourceExceptionResponseContent": {
                "description": "This exception is thrown when a write request conflicts with stored state.",
                "properties": {
                  "message": {
                    "type": "string",
                  },
                },
                "type": "object",
              },
              "Consent": {
                "description": "Record of user consent.",
                "properties": {
                  "consentData": {
                    "$ref": "#/components/schemas/ConsentData",
                  },
                  "consentId": {
                    "description": "Unique identifier for a Consent.",
                    "pattern": "^[\\w\\-\\.]{3,128}$",
                    "type": "string",
                  },
                  "consentType": {
                    "description": "Consent type.",
                    "pattern": "^[\\w\\-\\.]{3,128}$",
                    "type": "string",
                  },
                  "consentVersion": {
                    "type": "integer",
                  },
                  "expiryTime": {
                    "description": "Time when the Consent automatically expires, using the ISO 8601 format.",
                    "format": "date-time",
                    "type": "string",
                  },
                  "serviceId": {
                    "description": "Unique identifier for a service.",
                    "pattern": "^[\\w\\-\\.]{3,128}$",
                    "type": "string",
                  },
                  "status": {
                    "$ref": "#/components/schemas/ConsentStatus",
                  },
                  "userId": {
                    "description": "Unique identifier for a user.",
                    "pattern": "^[\\w\\-\\.]{3,128}$",
                    "type": "string",
                  },
                },
                "required": [
                  "consentId",
                  "consentVersion",
                  "serviceId",
                  "status",
                  "userId",
                ],
                "type": "object",
              },
              "ConsentData": {
                "additionalProperties": {
                  "maxLength": 256,
                  "minLength": 1,
                  "type": "string",
                },
                "description": "Consent data represented by string key-value pairs. Keys must be between 1-64 characters long, values must be between 1-256 characters long, and up to 32 key-value pairs may be provided.",
                "maxProperties": 32,
                "type": "object",
              },
              "ConsentStatus": {
                "description": "Current status of a Consent.",
                "enum": [
                  "ACTIVE",
                  "EXPIRED",
                  "REVOKED",
                ],
                "type": "string",
              },
              "CreateServiceUserConsentRequestContent": {
                "properties": {
                  "consentData": {
                    "$ref": "#/components/schemas/ConsentData",
                  },
                  "consentType": {
                    "description": "Consent type.",
                    "pattern": "^[\\w\\-\\.]{3,128}$",
                    "type": "string",
                  },
                  "expiryTime": {
                    "description": "Time when the Consent automatically expires, using the ISO 8601 format.",
                    "format": "date-time",
                    "type": "string",
                  },
                  "status": {
                    "$ref": "#/components/schemas/ConsentStatus",
                  },
                },
                "required": [
                  "status",
                ],
                "type": "object",
              },
              "CreateServiceUserConsentResponseContent": {
                "properties": {
                  "consentId": {
                    "description": "Unique identifier for a Consent.",
                    "pattern": "^[\\w\\-\\.]{3,128}$",
                    "type": "string",
                  },
                },
                "required": [
                  "consentId",
                ],
                "type": "object",
              },
              "GetServiceUserConsentResponseContent": {
                "properties": {
                  "data": {
                    "$ref": "#/components/schemas/Consent",
                  },
                },
                "type": "object",
              },
              "InternalServiceExceptionResponseContent": {
                "description": "This exception is thrown on an unhandled service error.",
                "properties": {
                  "message": {
                    "type": "string",
                  },
                },
                "type": "object",
              },
              "ListServiceUserConsentResponseContent": {
                "properties": {
                  "data": {
                    "description": "Page of Consents",
                    "items": {
                      "$ref": "#/components/schemas/Consent",
                    },
                    "type": "array",
                  },
                  "nextPageToken": {
                    "description": "Pagination token to retrieve the next page of results.",
                    "type": "string",
                  },
                },
                "type": "object",
              },
              "NotFoundExceptionResponseContent": {
                "description": "This exception is thrown when the requested entity is not found.",
                "properties": {
                  "message": {
                    "type": "string",
                  },
                },
                "type": "object",
              },
              "UpdateServiceUserConsentRequestContent": {
                "properties": {
                  "consentData": {
                    "$ref": "#/components/schemas/ConsentData",
                  },
                  "consentType": {
                    "description": "Consent type.",
                    "pattern": "^[\\w\\-\\.]{3,128}$",
                    "type": "string",
                  },
                  "consentVersion": {
                    "description": "Updated consent version, used to conditionally write only if the stored data has the prior version, to protect against race conditions or writing stale data.",
                    "type": "integer",
                  },
                  "expiryTime": {
                    "description": "Time when the Consent automatically expires, using the ISO 8601 format.",
                    "format": "date-time",
                    "type": "string",
                  },
                  "status": {
                    "$ref": "#/components/schemas/ConsentStatus",
                  },
                },
                "required": [
                  "consentVersion",
                ],
                "type": "object",
              },
            },
          },
          "info": {
            "title": "Consent Management API",
            "version": "2024-07-03",
          },
          "openapi": "3.0.2",
          "paths": {
            "/v1/consent-management/services/{serviceId}/users/{userId}/consents": {
              "get": {
                "description": "List consents a user has granted to a given service.",
                "operationId": "ListServiceUserConsent",
                "parameters": [
                  {
                    "description": "Unique identifier for a service.",
                    "in": "path",
                    "name": "serviceId",
                    "required": true,
                    "schema": {
                      "description": "Unique identifier for a service.",
                      "pattern": "^[\\w\\-\\.]{3,128}$",
                      "type": "string",
                    },
                  },
                  {
                    "description": "Unique identifier for a user.",
                    "in": "path",
                    "name": "userId",
                    "required": true,
                    "schema": {
                      "description": "Unique identifier for a user.",
                      "pattern": "^[\\w\\-\\.]{3,128}$",
                      "type": "string",
                    },
                  },
                  {
                    "description": "Optional. Maximum number of Consents to return in a single response.",
                    "in": "query",
                    "name": "limit",
                    "schema": {
                      "description": "Optional. Maximum number of Consents to return in a single response.",
                      "type": "integer",
                    },
                  },
                  {
                    "description": "Optional. The nextPageToken returned from the previous list request.",
                    "in": "query",
                    "name": "pageToken",
                    "schema": {
                      "description": "Optional. The nextPageToken returned from the previous list request.",
                      "type": "string",
                    },
                  },
                ],
                "responses": {
                  "200": {
                    "content": {
                      "application/json": {
                        "schema": {
                          "$ref": "#/components/schemas/ListServiceUserConsentResponseContent",
                        },
                      },
                    },
                    "description": "ListServiceUserConsent 200 response",
                  },
                  "400": {
                    "content": {
                      "application/json": {
                        "schema": {
                          "$ref": "#/components/schemas/BadRequestExceptionResponseContent",
                        },
                      },
                    },
                    "description": "BadRequestException 400 response",
                  },
                  "500": {
                    "content": {
                      "application/json": {
                        "schema": {
                          "$ref": "#/components/schemas/InternalServiceExceptionResponseContent",
                        },
                      },
                    },
                    "description": "InternalServiceException 500 response",
                  },
                },
                "x-amazon-apigateway-integration": {
                  "httpMethod": "POST",
                  "type": "aws_proxy",
                  "uri": {
                    "Fn::Join": [
                      "",
                      [
                        "arn:aws:apigateway:us-east-2:lambda:path/2015-03-31/functions/",
                        {
                          "Fn::GetAtt": [
                            "ConsentManagementAPILambda33B42EFA",
                            "Arn",
                          ],
                        },
                        "/invocations",
                      ],
                    ],
                  },
                },
              },
              "post": {
                "description": "Create a user Consent for a given service.",
                "operationId": "CreateServiceUserConsent",
                "parameters": [
                  {
                    "description": "Unique identifier for a service.",
                    "in": "path",
                    "name": "serviceId",
                    "required": true,
                    "schema": {
                      "description": "Unique identifier for a service.",
                      "pattern": "^[\\w\\-\\.]{3,128}$",
                      "type": "string",
                    },
                  },
                  {
                    "description": "Unique identifier for a user.",
                    "in": "path",
                    "name": "userId",
                    "required": true,
                    "schema": {
                      "description": "Unique identifier for a user.",
                      "pattern": "^[\\w\\-\\.]{3,128}$",
                      "type": "string",
                    },
                  },
                ],
                "requestBody": {
                  "content": {
                    "application/json": {
                      "schema": {
                        "$ref": "#/components/schemas/CreateServiceUserConsentRequestContent",
                      },
                    },
                  },
                  "required": true,
                },
                "responses": {
                  "200": {
                    "content": {
                      "application/json": {
                        "schema": {
                          "$ref": "#/components/schemas/CreateServiceUserConsentResponseContent",
                        },
                      },
                    },
                    "description": "CreateServiceUserConsent 200 response",
                  },
                  "400": {
                    "content": {
                      "application/json": {
                        "schema": {
                          "$ref": "#/components/schemas/BadRequestExceptionResponseContent",
                        },
                      },
                    },
                    "description": "BadRequestException 400 response",
                  },
                  "409": {
                    "content": {
                      "application/json": {
                        "schema": {
                          "$ref": "#/components/schemas/ConflictingResourceExceptionResponseContent",
                        },
                      },
                    },
                    "description": "ConflictingResourceException 409 response",
                  },
                  "500": {
                    "content": {
                      "application/json": {
                        "schema": {
                          "$ref": "#/components/schemas/InternalServiceExceptionResponseContent",
                        },
                      },
                    },
                    "description": "InternalServiceException 500 response",
                  },
                },
                "x-amazon-apigateway-integration": {
                  "httpMethod": "POST",
                  "type": "aws_proxy",
                  "uri": {
                    "Fn::Join": [
                      "",
                      [
                        "arn:aws:apigateway:us-east-2:lambda:path/2015-03-31/functions/",
                        {
                          "Fn::GetAtt": [
                            "ConsentManagementAPILambda33B42EFA",
                            "Arn",
                          ],
                        },
                        "/invocations",
                      ],
                    ],
                  },
                },
              },
            },
            "/v1/consent-management/services/{serviceId}/users/{userId}/consents/{consentId}": {
              "get": {
                "description": "Retrieve a user Consent for a given service.",
                "operationId": "GetServiceUserConsent",
                "parameters": [
                  {
                    "description": "Unique identifier for a Consent.",
                    "in": "path",
                    "name": "consentId",
                    "required": true,
                    "schema": {
                      "description": "Unique identifier for a Consent.",
                      "pattern": "^[\\w\\-\\.]{3,128}$",
                      "type": "string",
                    },
                  },
                  {
                    "description": "Unique identifier for a service.",
                    "in": "path",
                    "name": "serviceId",
                    "required": true,
                    "schema": {
                      "description": "Unique identifier for a service.",
                      "pattern": "^[\\w\\-\\.]{3,128}$",
                      "type": "string",
                    },
                  },
                  {
                    "description": "Unique identifier for a user.",
                    "in": "path",
                    "name": "userId",
                    "required": true,
                    "schema": {
                      "description": "Unique identifier for a user.",
                      "pattern": "^[\\w\\-\\.]{3,128}$",
                      "type": "string",
                    },
                  },
                ],
                "responses": {
                  "200": {
                    "content": {
                      "application/json": {
                        "schema": {
                          "$ref": "#/components/schemas/GetServiceUserConsentResponseContent",
                        },
                      },
                    },
                    "description": "GetServiceUserConsent 200 response",
                  },
                  "404": {
                    "content": {
                      "application/json": {
                        "schema": {
                          "$ref": "#/components/schemas/NotFoundExceptionResponseContent",
                        },
                      },
                    },
                    "description": "NotFoundException 404 response",
                  },
                  "500": {
                    "content": {
                      "application/json": {
                        "schema": {
                          "$ref": "#/components/schemas/InternalServiceExceptionResponseContent",
                        },
                      },
                    },
                    "description": "InternalServiceException 500 response",
                  },
                },
                "x-amazon-apigateway-integration": {
                  "httpMethod": "POST",
                  "type": "aws_proxy",
                  "uri": {
                    "Fn::Join": [
                      "",
                      [
                        "arn:aws:apigateway:us-east-2:lambda:path/2015-03-31/functions/",
                        {
                          "Fn::GetAtt": [
                            "ConsentManagementAPILambda33B42EFA",
                            "Arn",
                          ],
                        },
                        "/invocations",
                      ],
                    ],
                  },
                },
              },
              "post": {
                "description": "Update a user Consent for a given service.",
                "operationId": "UpdateServiceUserConsent",
                "parameters": [
                  {
                    "description": "Unique identifier for a Consent.",
                    "in": "path",
                    "name": "consentId",
                    "required": true,
                    "schema": {
                      "description": "Unique identifier for a Consent.",
                      "pattern": "^[\\w\\-\\.]{3,128}$",
                      "type": "string",
                    },
                  },
                  {
                    "description": "Unique identifier for a service.",
                    "in": "path",
                    "name": "serviceId",
                    "required": true,
                    "schema": {
                      "description": "Unique identifier for a service.",
                      "pattern": "^[\\w\\-\\.]{3,128}$",
                      "type": "string",
                    },
                  },
                  {
                    "description": "Unique identifier for a user.",
                    "in": "path",
                    "name": "userId",
                    "required": true,
                    "schema": {
                      "description": "Unique identifier for a user.",
                      "pattern": "^[\\w\\-\\.]{3,128}$",
                      "type": "string",
                    },
                  },
                ],
                "requestBody": {
                  "content": {
                    "application/json": {
                      "schema": {
                        "$ref": "#/components/schemas/UpdateServiceUserConsentRequestContent",
                      },
                    },
                  },
                  "required": true,
                },
                "responses": {
                  "200": {
                    "description": "UpdateServiceUserConsent 200 response",
                  },
                  "400": {
                    "content": {
                      "application/json": {
                        "schema": {
                          "$ref": "#/components/schemas/BadRequestExceptionResponseContent",
                        },
                      },
                    },
                    "description": "BadRequestException 400 response",
                  },
                  "404": {
                    "content": {
                      "application/json": {
                        "schema": {
                          "$ref": "#/components/schemas/NotFoundExceptionResponseContent",
                        },
                      },
                    },
                    "description": "NotFoundException 404 response",
                  },
                  "409": {
                    "content": {
                      "application/json": {
                        "schema": {
                          "$ref": "#/components/schemas/ConflictingResourceExceptionResponseContent",
                        },
                      },
                    },
                    "description": "ConflictingResourceException 409 response",
                  },
                  "500": {
                    "content": {
                      "application/json": {
                        "schema": {
                          "$ref": "#/components/schemas/InternalServiceExceptionResponseContent",
                        },
                      },
                    },
                    "description": "InternalServiceException 500 response",
                  },
                },
                "x-amazon-apigateway-integration": {
                  "httpMethod": "POST",
                  "type": "aws_proxy",
                  "uri": {
                    "Fn::Join": [
                      "",
                      [
                        "arn:aws:apigateway:us-east-2:lambda:path/2015-03-31/functions/",
                        {
                          "Fn::GetAtt": [
                            "ConsentManagementAPILambda33B42EFA",
                            "Arn",
                          ],
                        },
                        "/invocations",
                      ],
                    ],
                  },
                },
              },
            },
          },
          "x-amazon-apigateway-request-validator": "full",
          "x-amazon-apigateway-request-validators": {
            "full": {
              "validateRequestBody": true,
              "validateRequestParameters": true,
            },
          },
        },
        "EndpointConfiguration": {
          "Types": [
            "EDGE",
          ],
        },
        "Name": "ConsentManagementApi",
        "Policy": {
          "Statement": [
            {
              "Action": "execute-api:Invoke",
              "Effect": "Allow",
              "Principal": {
                "AWS": {
                  "Fn::Join": [
                    "",
                    [
                      "arn:",
                      {
                        "Ref": "AWS::Partition",
                      },
                      ":iam::123456789012:root",
                    ],
                  ],
                },
              },
              "Resource": "execute-api/*",
              "Sid": "ConsentManagementApiGatewaySameAccountFullInvokeAccess",
            },
          ],
          "Version": "2012-10-17",
        },
      },
      "Type": "AWS::ApiGateway::RestApi",
    },
    "ConsentManagementAPIGatewayAccount906949A1": {
      "DeletionPolicy": "Retain",
      "DependsOn": [
        "ConsentManagementAPIGateway2FBFF2A2",
      ],
      "Properties": {
        "CloudWatchRoleArn": {
          "Fn::GetAtt": [
            "ConsentManagementAPIGatewayCloudWatchRole0750B034",
            "Arn",
          ],
        },
      },
      "Type": "AWS::ApiGateway::Account",
      "UpdateReplacePolicy": "Retain",
    },
    "ConsentManagementAPIGatewayCloudWatchRole0750B034": {
      "DeletionPolicy": "Retain",
      "Properties": {
        "AssumeRolePolicyDocument": {
          "Statement": [
            {
              "Action": "sts:AssumeRole",
              "Effect": "Allow",
              "Principal": {
                "Service": "apigateway.amazonaws.com",
              },
            },
          ],
          "Version": "2012-10-17",
        },
        "ManagedPolicyArns": [
          {
            "Fn::Join": [
              "",
              [
                "arn:",
                {
                  "Ref": "AWS::Partition",
                },
                ":iam::aws:policy/service-role/AmazonAPIGatewayPushToCloudWatchLogs",
              ],
            ],
          },
        ],
      },
      "Type": "AWS::IAM::Role",
      "UpdateReplacePolicy": "Retain",
    },
    "ConsentManagementAPIGatewayDeployment": {
      "Properties": {
        "Description": "Consent Management API, see documentation at https://consent-management-platform.github.io/consent-management-api-models/v1/docs.html",
        "RestApiId": {
          "Ref": "ConsentManagementAPIGateway2FBFF2A2",
        },
      },
      "Type": "AWS::ApiGateway::Deployment",
    },
    "ConsentManagementAPIGatewayDeploymentStageprod": {
      "DependsOn": [
        "ConsentManagementAPIGatewayAccount906949A1",
      ],
      "Properties": {
        "MethodSettings": [
          {
            "DataTraceEnabled": false,
            "HttpMethod": "*",
            "LoggingLevel": "INFO",
            "MetricsEnabled": true,
            "ResourcePath": "/*",
            "ThrottlingBurstLimit": 5,
            "ThrottlingRateLimit": 3,
          },
        ],
        "RestApiId": {
          "Ref": "ConsentManagementAPIGateway2FBFF2A2",
        },
        "StageName": "prod",
      },
      "Type": "AWS::ApiGateway::Stage",
    },
    "ConsentManagementAPILambda33B42EFA": {
      "DependsOn": [
        "ConsentManagementAPILambdaServiceRoleDefaultPolicy85D8E30D",
        "ConsentManagementAPILambdaServiceRoleFA4B1113",
      ],
      "Properties": {
        "Description": "Consent Management API Lambda",
        "Handler": "com.consentframework.consentmanagement.api.ConsentManagementApiService::handleRequest",
        "LoggingConfig": {
          "LogGroup": {
            "Ref": "ConsentManagementApiLambdaLogGroupE3E32EB5",
          },
        },
        "MemorySize": 512,
        "Role": {
          "Fn::GetAtt": [
            "ConsentManagementAPILambdaServiceRoleFA4B1113",
            "Arn",
          ],
        },
        "Runtime": "java21",
        "Timeout": 60,
      },
      "Type": "AWS::Lambda::Function",
    },
    "ConsentManagementAPILambdaInvoke": {
      "Properties": {
        "Action": "lambda:InvokeFunction",
        "FunctionName": {
          "Fn::GetAtt": [
            "ConsentManagementAPILambda33B42EFA",
            "Arn",
          ],
        },
        "Principal": "apigateway.amazonaws.com",
        "SourceArn": {
          "Fn::Join": [
            "",
            [
              "arn:",
              {
                "Ref": "AWS::Partition",
              },
              ":execute-api:us-east-2:123456789012:",
              {
                "Ref": "ConsentManagementAPIGateway2FBFF2A2",
              },
              "/*/*/*",
            ],
          ],
        },
      },
      "Type": "AWS::Lambda::Permission",
    },
    "ConsentManagementAPILambdaServiceRoleDefaultPolicy85D8E30D": {
      "Properties": {
        "PolicyDocument": {
          "Statement": [
            {
              "Action": [
                "dynamodb:ConditionCheckItem",
                "dynamodb:GetItem",
                "dynamodb:PutItem",
                "dynamodb:Query",
              ],
              "Effect": "Allow",
              "Resource": [
                {
                  "Fn::ImportValue": "ConsentDataStack:ExportsOutputFnGetAttServiceUserConsentDynamoDBTable7EDF0878Arn692CDB71",
                },
                {
                  "Fn::Join": [
                    "",
                    [
                      {
                        "Fn::ImportValue": "ConsentDataStack:ExportsOutputFnGetAttServiceUserConsentDynamoDBTable7EDF0878Arn692CDB71",
                      },
                      "/index/*",
                    ],
                  ],
                },
              ],
              "Sid": "ConsentDynamoDBQueryPermissions",
            },
          ],
          "Version": "2012-10-17",
        },
        "PolicyName": "ConsentManagementAPILambdaServiceRoleDefaultPolicy85D8E30D",
        "Roles": [
          {
            "Ref": "ConsentManagementAPILambdaServiceRoleFA4B1113",
          },
        ],
      },
      "Type": "AWS::IAM::Policy",
    },
    "ConsentManagementAPILambdaServiceRoleFA4B1113": {
      "Properties": {
        "AssumeRolePolicyDocument": {
          "Statement": [
            {
              "Action": "sts:AssumeRole",
              "Effect": "Allow",
              "Principal": {
                "Service": "lambda.amazonaws.com",
              },
            },
          ],
          "Version": "2012-10-17",
        },
        "ManagedPolicyArns": [
          {
            "Fn::Join": [
              "",
              [
                "arn:",
                {
                  "Ref": "AWS::Partition",
                },
                ":iam::aws:policy/service-role/AWSLambdaBasicExecutionRole",
              ],
            ],
          },
        ],
      },
      "Type": "AWS::IAM::Role",
    },
    "ConsentManagementApiLambdaLogGroupE3E32EB5": {
      "DeletionPolicy": "Retain",
      "Properties": {
        "LogGroupName": "ConsentManagementApi-Lambda-ApplicationLogs",
        "RetentionInDays": 545,
      },
      "Type": "AWS::Logs::LogGroup",
      "UpdateReplacePolicy": "Retain",
    },
  },
  "Rules": {
    "CheckBootstrapVersion": {
      "Assertions": [
        {
          "Assert": {
            "Fn::Not": [
              {
                "Fn::Contains": [
                  [
                    "1",
                    "2",
                    "3",
                    "4",
                    "5",
                  ],
                  {
                    "Ref": "BootstrapVersion",
                  },
                ],
              },
            ],
          },
          "AssertDescription": "CDK bootstrap stack version 6 required. Please run 'cdk bootstrap' with a recent version of the CDK CLI.",
        },
      ],
    },
  },
}
`;
